[www.eagleget.com/index.html]
[backblue.gif]
[fade.gif]
[index.html]
[www.eagleget.com/wp-content/uploads/2012/08/EagleGet-Logo.png]
[www.eagleget.com/wp-content/themes/one-page-express/style1efe.css]
[www.eagleget.com/wp-content/themes/one-page-express/assets/font-awesome/font-awesome.min1efe.css]
[www.eagleget.com/wp-content/themes/one-page-express/assets/css/animate1efe.css]
[www.eagleget.com/comments/feed/index.html]
[www.eagleget.com/wp-content/themes/one-page-express/assets/css/webgradients1efe.css]
[www.eagleget.com/wp-includes/js/jquery/jquery-migrate.min330a.js]
[www.eagleget.com/wp-content/themes/one-page-express/assets/js/smoothscroll1efe.js]
[www.eagleget.com/xmlrpc0db0.php]
[www.eagleget.com/wp-includes/wlwmanifest.xml]
[www.eagleget.com/wp-includes/js/jquery/jqueryb8ff.js]
[www.eagleget.com/wp-json/index.html]
[www.eagleget.com/wp-json/oembed/1.0/embedb241.json]
[www.eagleget.com/wp-json/oembed/1.0/embedf1b6]
[www.eagleget.com/wp-content/uploads/2018/10/EagleGet-Icon.png]
[www.eagleget.com/download/index.html]
[www.eagleget.com/wp-content/uploads/2015/03/01-Main-Full.png]
[www.eagleget.com/manually-add-eagleget-to-chrome-firefox/index.html]
[www.eagleget.com/download-eagleget-portable/index.html]
[www.eagleget.com/features-in-v2/index.html]
[www.eagleget.com/worldwide/index.html]
[www.eagleget.com/help/index.html]
[www.eagleget.com/ar/index.html]
[www.eagleget.com/wp-content/uploads/2015/03/softpedia.png]
[www.eagleget.com/fr/index.html]
[www.eagleget.com/jp/index.html]
[www.eagleget.com/wp-content/uploads/2012/08/Freewaregenius.png]
[www.eagleget.com/wp-content/uploads/2012/08/MakeUseOf.png]
[www.eagleget.com/tr/index.html]
[www.eagleget.com/es/index.html]
[www.eagleget.com/wp-content/uploads/2015/04/software-informer.png]
[www.eagleget.com/cn/index.html]
[www.eagleget.com/wp-content/uploads/2012/08/ks-editor1.png]
[www.eagleget.com/tw/index.html]
[www.eagleget.com/vn/index.html]
[www.eagleget.com/wp-content/uploads/2012/08/tamindir.png]
[www.eagleget.com/wp-content/uploads/2012/08/KD_freequalityprogram.png]
[www.eagleget.com/wp-content/uploads/2015/04/freewarede.jpg]
[www.eagleget.com/wp-content/uploads/2012/08/downloadhr1.gif]
[www.eagleget.com/wp-content/uploads/2015/03/high-speed.png]
[www.eagleget.com/wp-content/uploads/2015/03/Schedule-and-Manage-Downloading-Jobs-Smartly.png]
[www.eagleget.com/wp-content/uploads/2015/03/Automatic-Refresh-Expired-Download-Address.png]
[www.eagleget.com/wp-content/uploads/2015/03/Support-All-Popular-Browsers1.png]
[www.eagleget.com/wp-content/uploads/2015/03/Flexible-Notification.png]
[www.eagleget.com/wp-content/uploads/2015/03/Automatic-Malware-Checker.png]
[www.eagleget.com/wp-content/uploads/2015/03/Customizable-User-Interface.png]
[www.eagleget.com/testimonials/index.html]
[www.eagleget.com/contact-us/index.html]
[www.eagleget.com/eagleget-user-terms/index.html]
[www.eagleget.com/sitemap_index.xml]
[www.eagleget.com/privacy-policy/index.html]
[www.eagleget.com/wp-includes/js/jquery/ui/effect.mine899.js]
[www.eagleget.com/wp-includes/js/jquery/ui/effect-slide.mine899.js]
[www.eagleget.com/uninstall-eagleget/index.html]
[www.eagleget.com/wp-content/themes/one-page-express/assets/js/drop_menu_selection1efe.js]
[www.eagleget.com/wp-content/themes/one-page-express/assets/js/libs/typed1efe.js]
[www.eagleget.com/wp-content/themes/one-page-express/assets/js/theme1efe.js]
[www.eagleget.com/wp-content/themes/one-page-express/assets/js/libs/fixto1efe.js]
[www.eagleget.com/wp-content/themes/one-page-express/assets/js/sticky1efe.js]
[www.eagleget.com/wp-includes/js/imagesloaded.min55a0.js]
[www.eagleget.com/wp-includes/js/masonry.mind617.js]
[www.eagleget.com/wp-includes/js/comment-reply.min761a.js]
[www.eagleget.com/index.html]
[www.eagleget.com/feed/index.html]
[www.eagleget.com/wp-includes/js/wp-embed.min761a.js]
[www.eagleget.com/wp-content/themes/one-page-express/assets/images/hamburger.png]
[www.eagleget.com/wp-content/themes/one-page-express/assets/images/close_icon.png]
[www.eagleget.com/wp-content/themes/one-page-express/assets/images/mini_menu.png]
[www.eagleget.com/wp-content/themes/one-page-express/assets/images/mini_arrow_large.png]
[www.eagleget.com/wp-content/themes/one-page-express/assets/images/mini_circle.png]
[www.eagleget.com/wp-content/themes/one-page-express/assets/images/mini_arrow.png]
[www.eagleget.com/wp-content/themes/one-page-express/style1efe.css]
[www.eagleget.com/wp-content/themes/one-page-express/assets/fonts/fontawesome-webfont3e6e.woff2]
[www.eagleget.com/wp-content/themes/one-page-express/assets/fonts/fontawesome-webfont3e6e.eot]
[www.eagleget.com/wp-content/themes/one-page-express/assets/fonts/fontawesome-webfont3e6e.ttf]
[www.eagleget.com/wp-content/themes/one-page-express/assets/fonts/fontawesome-webfont3e6e.svg]
[www.eagleget.com/wp-content/themes/one-page-express/assets/font-awesome/font-awesome.min1efe.css]
[www.eagleget.com/wp-content/themes/one-page-express/assets/css/animate1efe.css]
[www.eagleget.com/wp-content/themes/one-page-express/assets/css/webgradients1efe.css]
[www.eagleget.com/wp-content/themes/one-page-express/customizer/kirki/assets/css/kirki-styles.css]
[www.eagleget.com/wp-content/themes/one-page-express/assets/fonts/fontawesome-webfontd41d.eot]
[www.eagleget.com/wp-content/uploads/2015/03/softpedia1.png]
[www.eagleget.com/wp-content/themes/one-page-express/assets/fonts/fontawesome-webfont3e6e.woff]
[www.eagleget.com/wp-json/oembed/1.0/embed9e8d.json]
[www.eagleget.com/wp-json/oembed/1.0/embedd65f]
[www.eagleget.com/download/ads-sync.js]
[www.eagleget.com/wp-content/uploads/2012/08/instalki.pl-white.png]
[www.eagleget.com/wp-content/uploads/2012/08/download_banner.gif]
[www.eagleget.com/wp-content/uploads/2015/03/software-informer.png]
[www.1-1ads.com/js/show_ads_suppab1a.js]
[www.eagleget.com/wp-content/uploads/2012/08/easyfreeware.gif]
[www.eagleget.com/wp-content/uploads/2012/08/techspot.png]
[www.eagleget.com/wp-content/uploads/2015/03/filehippo.png]
[www.eagleget.com/wp-content/uploads/2012/08/filehorse-award.png]
[www.eagleget.com/wp-content/uploads/2012/08/gezginler-logo1.png]
[www.eagleget.com/wp-content/uploads/2015/03/programosy.png]
[www.eagleget.com/download/index.html]
[www.eagleget.com/wp-content/uploads/2015/03/spdlbtn2015.png]
[www.eagleget.com/translate-eagleget/index.html]
[www.eagleget.com/wp-json/oembed/1.0/embed580f.json]
[www.eagleget.com/wp-json/oembed/1.0/embede417]
[www.eagleget.com/download-eagleget-portable/ads-sync.js]
[www.1-1ads.com/js/show_ads_supp1f98.js]
[www.eagleget.com/cdn-cgi/l/email-protection.html]
[www.eagleget.com/download-eagleget-portable/index.html]
[www.eagleget.com/cdn-cgi/scripts/5c5dd728/cloudflare-static/email-decode.min.js]
[www.eagleget.com/enable-eagleget-plug-in-and-extension-for-google-chrome/index.html]
[www.eagleget.com/wp-json/oembed/1.0/embed9cc8.json]
[www.eagleget.com/enable-eagleget-plug-in-and-extension-for-firefox/index.html]
[www.eagleget.com/wp-json/oembed/1.0/embed840a]
[www.eagleget.com/manually-add-eagleget-to-chrome-firefox/ads-sync.js]
[www.eagleget.com/manually-add-eagleget-to-chrome-firefox/index.html]
[www.eagleget.com/wp-content/uploads/2015/03/01-Main-Resized.png]
[www.1-1ads.com/js/show_ads_supp6eae.js]
[www.eagleget.com/wp-json/oembed/1.0/embed9db6.json]
[www.eagleget.com/wp-json/oembed/1.0/embede6fe]
[www.eagleget.com/features-in-v2/ads-sync.js]
[www.eagleget.com/wp-content/uploads/2015/03/02-Main-Full.png]
[www.eagleget.com/wp-content/uploads/2015/03/02-Main-Resized.png]
[www.eagleget.com/wp-content/uploads/2015/03/03-New-Download-Full.png]
[www.eagleget.com/wp-content/uploads/2015/03/03-New-Download-Resized.png]
[www.eagleget.com/wp-content/uploads/2015/03/04-New-Download-Full.png]
[www.eagleget.com/wp-content/uploads/2015/03/04-New-Download-Resized.png]
[www.eagleget.com/wp-content/uploads/2015/03/05-Scheduler-Full.png]
[www.eagleget.com/wp-content/uploads/2015/03/05-Scheduler-Resized.png]
[www.eagleget.com/wp-content/uploads/2015/03/09-TaskCleaner-Full.png]
[www.eagleget.com/wp-content/uploads/2015/03/09-TaskCleaner-Resized.png]
[www.eagleget.com/wp-content/uploads/2015/03/07-Settings-Full.png]
[www.eagleget.com/wp-content/uploads/2015/03/07-Settings-Resized.png]
[www.eagleget.com/wp-content/uploads/2015/03/08-Taskmonitor-Full.png]
[www.eagleget.com/wp-content/uploads/2015/03/08-Taskmonitor-Resized.png]
[www.eagleget.com/wp-content/uploads/2015/03/06-Media-Grabber-Full.png]
[www.eagleget.com/wp-content/uploads/2015/03/06-Media-Grabber-Resized.png]
[www.eagleget.com/features-in-v2/index.html]
[www.eagleget.com/wp-json/oembed/1.0/embede83c.json]
[www.eagleget.com/wp-json/oembed/1.0/embeded1e]
[www.eagleget.com/help/ads-sync.js]
[www.eagleget.com/help/index.html]
[www.eagleget.com/help/prevent-automatic-downloads-from-eagleget/index.html]
[www.eagleget.com/help/auto-categorize-downloads-with-eagleget/index.html]
[www.eagleget.com/wp-json/oembed/1.0/embed4775.json]
[www.eagleget.com/eagleget-prompts-error-message-while-resuming-a-download/index.html]
[www.eagleget.com/help/what-is-eagleget-silent-mode/index.html]
[www.eagleget.com/wp-json/oembed/1.0/embed9c37]
[www.eagleget.com/help/how-to-make-eagleget-cooperate-with-proxy-server/index.html]
[www.eagleget.com/help/how-to-download-files-from-password-protected-servers/index.html]
[www.eagleget.com/help/how-to-schedule-downloads-in-eagleget/index.html]
[www.eagleget.com/help/how-to-verify-integrity-of-downloaded-files/index.html]
[www.eagleget.com/help/scan-files-for-viruses-after-download-is-complete/index.html]
[www.eagleget.com/help/how-to-disable-eagleget-clipboard-monitoring/index.html]
[www.eagleget.com/worldwide/ads-sync.js]
[www.eagleget.com/how-to-export-and-import-download-tasks/index.html]
[www.eagleget.com/help/how-do-i-uninstall-eagleget/index.html]
[www.eagleget.com/what-is-universal-capture-mode/index.html]
[www.eagleget.com/worldwide/index.html]
[www.eagleget.com/integrate-eagleget-into-opera-maxthon-and-more-browsers/index.html]
[www.eagleget.com/help/how-can-i-add-eagleget-to-browsers-based-on-chrome-or-firefox/index.html]
[www.eagleget.com/help/eagleget-integration-into-chrome-ie-or-firefox-does-not-work-or-behaviors-strangely/index.html]
[www.eagleget.com/help/temporary-disable-eagleget-to-download-some-file/index.html]
[www.eagleget.com/worldwide/download-lagu-mp3-gratis-dengan-eagleget/index.html]
[www.eagleget.com/wp-json/oembed/1.0/embedb1ed.json]
[www.eagleget.com/vn/cach-download-nhac-tu-mp3-zing-vn-khong-mat-phi/index.html]
[www.eagleget.com/vn/download-nhac-hinh-mien-phi/index.html]
[www.eagleget.com/vn/cach-tai-zingplay-ve-may-tinh-mien-phi/index.html]
[www.eagleget.com/vn/cach-tai-nhac-mp3-mp4-ve-may-tinh-mien-phi/index.html]
[www.eagleget.com/wp-json/oembed/1.0/embed5591]
[www.eagleget.com/vn/download-nhac-hinh-mp3-cho-mien-phi/index.html]
[www.eagleget.com/vn/download-nhanh-tren-4shared-cho-mien-phi/index.html]
[www.eagleget.com/wp-content/uploads/2012/08/Main-Video.png]
[www.eagleget.com/wp-content/uploads/2012/08/Main-Convert.png]
[www.eagleget.com/wp-content/uploads/2015/03/Multi-Language-Support.png]
[www.eagleget.com/wp-content/uploads/2015/03/Freeware-Offers-Smoothest-Experience-Ever.png]
[www.eagleget.com/ar/index.html]
[www.eagleget.com/wp-json/oembed/1.0/embed3842.json]
[www.eagleget.com/wp-json/oembed/1.0/embedd9b7]
[www.eagleget.com/wp-content/uploads/2012/08/Main-Accelerate.png]
[www.eagleget.com/wp-content/uploads/2012/08/Main-Resume.png]
[www.eagleget.com/wp-content/uploads/2012/08/Main-Browser.png]
[www.eagleget.com/wp-content/uploads/2013/06/vimeo-small.png]
[www.eagleget.com/wp-content/uploads/2012/08/Main-AV.png]
[www.eagleget.com/wp-content/uploads/2012/08/Main-Smooth.png]
[www.eagleget.com/fr/index.html]
[www.eagleget.com/features/index.html]
[www.eagleget.com/wp-json/oembed/1.0/embed6e16.json]
[www.eagleget.com/wp-json/oembed/1.0/embed6b26]
[www.eagleget.com/jp/index.html]
[www.eagleget.com/wp-json/oembed/1.0/embed8393.json]
[www.eagleget.com/wp-json/oembed/1.0/embed81d5]
[www.eagleget.com/tr/index.html]
[www.eagleget.com/wp-json/oembed/1.0/embed3075.json]
[www.eagleget.com/wp-json/oembed/1.0/embedae30]
[www.eagleget.com/es/index.html]
[www.eagleget.com/wp-json/oembed/1.0/embed5cfd.json]
[www.eagleget.com/wp-json/oembed/1.0/embed261a]
[www.eagleget.com/cn/index.html]
[www.eagleget.com/wp-json/oembed/1.0/embed1c77.json]
[www.eagleget.com/wp-json/oembed/1.0/embed2bb8]
[www.eagleget.com/tw/index.html]
[www.eagleget.com/wp-content/uploads/2013/04/Vietnamese-Main.png]
[www.eagleget.com/wp-json/oembed/1.0/embed6dc4.json]
[www.eagleget.com/wp-json/oembed/1.0/embed07b5]
[www.eagleget.com/vn/index.html]
[www.eagleget.com/wp-content/uploads/2012/08/Download-Now.png]
[www.eagleget.com/wp-json/oembed/1.0/embed1e4e.json]
[www.eagleget.com/wp-json/oembed/1.0/embed4223]
[www.eagleget.com/testimonials/ads-sync.js]
[www.eagleget.com/testimonials/index.html]
[www.eagleget.com/wp-json/oembed/1.0/embedabda.json]
[www.eagleget.com/wp-json/oembed/1.0/embedef89]
[www.eagleget.com/contact-us/ads-sync.js]
[www.eagleget.com/contact-us/index.html]
[www.eagleget.com/wp-json/oembed/1.0/embedc76b.json]
[www.eagleget.com/wp-json/oembed/1.0/embed0af0]
[www.eagleget.com/eagleget-user-terms/ads-sync.js]
[www.eagleget.com/eagleget-user-terms/index.html]
[www.eagleget.com/wp-json/oembed/1.0/embed76d7.json]
[www.eagleget.com/wp-json/oembed/1.0/embed6cf6]
[www.eagleget.com/privacy-policy/ads-sync.js]
[www.eagleget.com/privacy-policy/index.html]
[www.eagleget.com/wp-content/uploads/2012/11/Uninstall-EagleGet.jpg]
[www.eagleget.com/eagleget-user-experience-program-euep/index.html]
[www.eagleget.com/wp-json/oembed/1.0/embed64ff.json]
[www.eagleget.com/wp-json/oembed/1.0/embedddfe]
[www.eagleget.com/uninstall-eagleget/ads-sync.js]
[www.eagleget.com/uninstall-eagleget/index.html]
[www.eagleget.com/wp-content/themes/one-page-express/assets/fonts/fontawesome-webfont3e6e.svg]
[www.eagleget.com/index49a5.html]
[www.eagleget.com/download/ads-sync.html]
[www.eagleget.com/wp-content/uploads/2013/01/translation.png]
[www.eagleget.com/wp-json/oembed/1.0/embed65f7.json]
[www.eagleget.com/wp-json/oembed/1.0/embed7d6e]
[www.eagleget.com/translate-eagleget/ads-sync.js]
[www.eagleget.com/wp-content/uploads/2013/01/thank-you.jpg]
[www.eagleget.com/translate-eagleget/index.html]
[www.eagleget.com/index815f.html]
[www.eagleget.com/download-eagleget-portable/ads-sync.html]
[www.eagleget.com/wp-content/uploads/2013/11/Chrome-01.png]
[www.eagleget.com/wp-json/oembed/1.0/embed8599.json]
[www.eagleget.com/wp-json/oembed/1.0/embedfe27]
[www.eagleget.com/enable-eagleget-plug-in-and-extension-for-google-chrome/ads-sync.js]
[www.eagleget.com/wp-content/uploads/2013/11/Chrome-02.png]
[www.eagleget.com/wp-content/uploads/2013/11/Repair-EagleGet-addons-1.png]
[www.eagleget.com/wp-content/uploads/2013/11/Repair-EagleGet-addons-2.png]
[www.eagleget.com/wp-content/uploads/2013/11/add-chrome-plugin.png]
[www.eagleget.com/wp-content/uploads/2013/11/Chrome-04.png]
[www.eagleget.com/wp-content/uploads/2013/11/Chrome-05.png]
[www.eagleget.com/enable-eagleget-plug-in-and-extension-for-google-chrome/index.html]
[www.eagleget.com/wp-content/uploads/2013/11/Firefox-01.png]
[www.eagleget.com/wp-json/oembed/1.0/embedb84f.json]
[www.eagleget.com/wp-json/oembed/1.0/embedaa85]
[www.eagleget.com/enable-eagleget-plug-in-and-extension-for-firefox/ads-sync.js]
[www.eagleget.com/wp-content/uploads/2013/11/Add-Firefox-Ext.png]
[www.eagleget.com/wp-content/uploads/2013/11/Firefox-04.png]
[www.eagleget.com/wp-content/uploads/2013/11/Firefox-06.png]
[www.eagleget.com/enable-eagleget-plug-in-and-extension-for-firefox/index.html]
[www.eagleget.com/cdn-cgi/l/email-protection.html]
[www.eagleget.com/index6435.html]
[www.eagleget.com/manually-add-eagleget-to-chrome-firefox/ads-sync.html]
[www.eagleget.com/index59ec.html]
[www.eagleget.com/features-in-v2/ads-sync.html]
[www.eagleget.com/index7896.html]
[www.eagleget.com/help/ads-sync.html]
[www.eagleget.com/wp-content/uploads/2012/11/EagleGet-Configurations.jpg]
[www.eagleget.com/wp-json/oembed/1.0/embed95d8.json]
[www.eagleget.com/wp-json/oembed/1.0/embed1833]
[www.eagleget.com/help/auto-categorize-downloads-with-eagleget/ads-sync.js]
[www.eagleget.com/wp-content/uploads/2013/04/Auto-categorize-downloads-1.png]
[www.eagleget.com/wp-content/uploads/2013/04/Auto-categorize-downloads-2.png]
[www.eagleget.com/help/auto-categorize-downloads-with-eagleget/index.html]
[www.eagleget.com/wp-json/oembed/1.0/embeddb95.json]
[www.eagleget.com/wp-json/oembed/1.0/embed16c6]
[www.eagleget.com/help/prevent-automatic-downloads-from-eagleget/ads-sync.js]
[www.eagleget.com/wp-content/uploads/2013/02/Prevent-Automatic-Downloads-From-EagleGet-1.png]
[www.eagleget.com/wp-content/uploads/2013/02/Prevent-Automatic-Downloads-From-EagleGet-2.png]
[www.eagleget.com/wp-content/uploads/2013/02/Prevent-Automatic-Downloads-From-EagleGet-3.png]
[www.eagleget.com/wp-content/uploads/2013/02/Prevent-Automatic-Downloads-From-EagleGet-4.png]
[www.eagleget.com/help/prevent-automatic-downloads-from-eagleget/index.html]
[www.eagleget.com/wp-content/uploads/2013/05/Refresh-Download-Address-1.png]
[www.eagleget.com/wp-json/oembed/1.0/embeda495.json]
[www.eagleget.com/wp-json/oembed/1.0/embed769f]
[www.eagleget.com/eagleget-prompts-error-message-while-resuming-a-download/ads-sync.js]
[www.eagleget.com/wp-content/uploads/2013/05/Refresh-Download-Address-2.png]
[www.eagleget.com/wp-content/uploads/2013/05/Refresh-Download-Address-3.png]
[www.eagleget.com/eagleget-prompts-error-message-while-resuming-a-download/index.html]
[www.eagleget.com/wp-content/uploads/2013/04/What-is-EagleGet-Silent-Mode-2.png]
[www.eagleget.com/wp-json/oembed/1.0/embed5a7f.json]
[www.eagleget.com/wp-json/oembed/1.0/embedcd0e]
[www.eagleget.com/help/what-is-eagleget-silent-mode/ads-sync.js]
[www.eagleget.com/wp-content/uploads/2013/04/What-is-EagleGet-Silent-Mode-1.png]
[www.eagleget.com/help/what-is-eagleget-silent-mode/index.html]
[www.eagleget.com/wp-json/oembed/1.0/embedd3d4.json]
[www.eagleget.com/wp-json/oembed/1.0/embed115b]
[www.eagleget.com/help/how-to-make-eagleget-cooperate-with-proxy-server/ads-sync.js]
[www.eagleget.com/wp-content/uploads/2013/01/proxy-settings.png]
[www.eagleget.com/help/how-to-make-eagleget-cooperate-with-proxy-server/index.html]
[www.eagleget.com/wp-content/uploads/2013/04/How-to-download-files-from-password-protected-servers-1.png]
[www.eagleget.com/wp-json/oembed/1.0/embedae78.json]
[www.eagleget.com/wp-json/oembed/1.0/embedaf2a]
[www.eagleget.com/help/how-to-download-files-from-password-protected-servers/ads-sync.js]
[www.eagleget.com/wp-content/uploads/2013/04/How-to-download-files-from-password-protected-servers-2.png]
[www.eagleget.com/help/how-to-download-files-from-password-protected-servers/index.html]
[www.eagleget.com/wp-json/oembed/1.0/embed5ee8.json]
[www.eagleget.com/wp-json/oembed/1.0/embedf658]
[www.eagleget.com/help/how-to-schedule-downloads-in-eagleget/ads-sync.js]
[www.eagleget.com/wp-content/uploads/2013/04/How-to-Schedule-Downloads-in-EagleGet.png]
[www.eagleget.com/wp-content/uploads/2013/04/How-to-Schedule-Downloads-in-EagleGet-2.png]
[www.eagleget.com/wp-content/uploads/2013/04/How-to-Schedule-Downloads-in-EagleGet-3.png]
[www.eagleget.com/help/how-to-schedule-downloads-in-eagleget/index.html]
[www.eagleget.com/wp-json/oembed/1.0/embedd4c0.json]
[www.eagleget.com/wp-json/oembed/1.0/embed0f7b]
[www.eagleget.com/help/how-to-verify-integrity-of-downloaded-files/ads-sync.js]
[www.eagleget.com/wp-content/uploads/2013/04/verify-integrity-of-downloaded-files-1.png]
[www.eagleget.com/help/how-to-verify-integrity-of-downloaded-files/index.html]
[www.eagleget.com/wp-json/oembed/1.0/embedbfdc.json]
[www.eagleget.com/wp-json/oembed/1.0/embed2943]
[www.eagleget.com/help/scan-files-for-viruses-after-download-is-complete/ads-sync.js]
[www.eagleget.com/wp-content/uploads/2013/04/Scan-files-for-viruses-after-download-is-complete.png]
[www.eagleget.com/help/scan-files-for-viruses-after-download-is-complete/index.html]
[www.eagleget.com/wp-json/oembed/1.0/embed2c02.json]
[www.eagleget.com/wp-json/oembed/1.0/embed2c52]
[www.eagleget.com/help/how-to-disable-eagleget-clipboard-monitoring/ads-sync.js]
[www.eagleget.com/wp-content/uploads/2013/04/Disable-EagleGet-Clipboard-Monitoring.png]
[www.eagleget.com/help/how-to-disable-eagleget-clipboard-monitoring/index.html]
[www.eagleget.com/wp-content/uploads/2013/06/How-to-export-and-import-download-tasks-1.png]
[www.eagleget.com/wp-json/oembed/1.0/embedd27a.json]
[www.eagleget.com/wp-json/oembed/1.0/embed0f2d]
[www.eagleget.com/how-to-export-and-import-download-tasks/ads-sync.js]
[www.eagleget.com/wp-content/uploads/2013/06/How-to-export-and-import-download-tasks-2.png]
[www.eagleget.com/how-to-export-and-import-download-tasks/index.html]
[www.eagleget.com/wp-json/oembed/1.0/embed2093.json]
[www.eagleget.com/wp-json/oembed/1.0/embedc96f]
[www.eagleget.com/help/how-do-i-uninstall-eagleget/ads-sync.js]
[www.eagleget.com/help/how-do-i-uninstall-eagleget/index.html]
[www.eagleget.com/wp-content/uploads/2013/05/Universal-Capture-Mode.png]
[www.eagleget.com/wp-json/oembed/1.0/embed0a29.json]
[www.eagleget.com/wp-json/oembed/1.0/embedcbde]
[www.eagleget.com/what-is-universal-capture-mode/ads-sync.js]
[www.eagleget.com/what-is-universal-capture-mode/index.html]
[www.eagleget.com/wp-json/oembed/1.0/embedf655.json]
[www.eagleget.com/wp-json/oembed/1.0/embedc6be]
[www.eagleget.com/integrate-eagleget-into-opera-maxthon-and-more-browsers/ads-sync.js]
[www.eagleget.com/integrate-eagleget-into-opera-maxthon-and-more-browsers/index.html]
[www.eagleget.com/wp-json/oembed/1.0/embed456a.json]
[www.eagleget.com/wp-json/oembed/1.0/embed77a1]
[www.eagleget.com/help/how-can-i-add-eagleget-to-browsers-based-on-chrome-or-firefox/ads-sync.js]
[www.eagleget.com/wp-content/uploads/2012/11/EagleGet-Monitoring.png]
[www.eagleget.com/wp-content/uploads/2013/01/add-chrome-plugin.png]
[www.eagleget.com/wp-content/uploads/2013/01/Add-Firefox-Ext.png]
[www.eagleget.com/help/how-can-i-add-eagleget-to-browsers-based-on-chrome-or-firefox/index.html]
[www.eagleget.com/wp-json/oembed/1.0/embed2282.json]
[www.eagleget.com/wp-json/oembed/1.0/embedfb06]
[www.eagleget.com/help/eagleget-integration-into-chrome-ie-or-firefox-does-not-work-or-behaviors-strangely/ads-sync.js]
[www.eagleget.com/help/eagleget-integration-into-chrome-ie-or-firefox-does-not-work-or-behaviors-strangely/index.html]
[www.eagleget.com/wp-json/oembed/1.0/embed2f4a.json]
[www.eagleget.com/wp-json/oembed/1.0/embeddbbd]
[www.eagleget.com/help/temporary-disable-eagleget-to-download-some-file/ads-sync.js]
[www.eagleget.com/wp-content/uploads/2012/11/EagleGet-Temporary-Disable-Monitoring.png]
[www.eagleget.com/help/temporary-disable-eagleget-to-download-some-file/index.html]
[www.eagleget.com/index5c41.html]
[www.eagleget.com/worldwide/ads-sync.html]
[www.eagleget.com/wp-content/uploads/2013/01/EagleGet-Indonesian.png]
[www.eagleget.com/wp-json/oembed/1.0/embeddeb3.json]
[www.eagleget.com/wp-json/oembed/1.0/embed1077]
[www.eagleget.com/worldwide/download-lagu-mp3-gratis-dengan-eagleget/ads-sync.js]
[www.eagleget.com/worldwide/download-lagu-mp3-gratis-dengan-eagleget/index.html]
[www.eagleget.com/wp-content/uploads/2013/04/Vietnamese-Front.jpg]
[www.eagleget.com/wp-json/oembed/1.0/embedcdd5.json]
[www.eagleget.com/wp-json/oembed/1.0/embeddc77]
[www.eagleget.com/vn/cach-download-nhac-tu-mp3-zing-vn-khong-mat-phi/ads-sync.js]
[www.eagleget.com/wp-content/uploads/2013/04/VN_DOWNLOAD.png]
[www.eagleget.com/wp-content/uploads/2013/04/Vietnamese-Add-Download.png]
[www.eagleget.com/vn/cach-download-nhac-tu-mp3-zing-vn-khong-mat-phi/index.html]
[www.eagleget.com/wp-json/oembed/1.0/embed563d.json]
[www.eagleget.com/wp-json/oembed/1.0/embedf4c1]
[www.eagleget.com/vn/download-nhac-hinh-mien-phi/ads-sync.js]
[www.eagleget.com/vn/download-nhac-hinh-mien-phi/index.html]
[www.eagleget.com/wp-json/oembed/1.0/embedbc18.json]
[www.eagleget.com/wp-json/oembed/1.0/embedda9b]
[www.eagleget.com/vn/cach-tai-zingplay-ve-may-tinh-mien-phi/ads-sync.js]
[www.eagleget.com/wp-content/uploads/2013/04/Zingplay.jpg]
[www.eagleget.com/vn/cach-tai-zingplay-ve-may-tinh-mien-phi/index.html]
[www.eagleget.com/wp-json/oembed/1.0/embeda3db.json]
[www.eagleget.com/wp-json/oembed/1.0/embed6d94]
[www.eagleget.com/vn/cach-tai-nhac-mp3-mp4-ve-may-tinh-mien-phi/ads-sync.js]
[www.eagleget.com/vn/cach-tai-nhac-mp3-mp4-ve-may-tinh-mien-phi/index.html]
[www.eagleget.com/wp-json/oembed/1.0/embed16e1.json]
[www.eagleget.com/wp-json/oembed/1.0/embed7305]
[www.eagleget.com/vn/download-nhanh-tren-4shared-cho-mien-phi/ads-sync.js]
[www.eagleget.com/vn/download-nhanh-tren-4shared-cho-mien-phi/index.html]
[www.eagleget.com/wp-json/oembed/1.0/embed3f78.json]
[www.eagleget.com/wp-json/oembed/1.0/embed839b]
[www.eagleget.com/vn/download-nhac-hinh-mp3-cho-mien-phi/ads-sync.js]
[www.eagleget.com/vn/download-nhac-hinh-mp3-cho-mien-phi/index.html]
[www.eagleget.com/index2dc4.html]
[www.eagleget.com/indexe504.html]
[www.eagleget.com/wp-content/uploads/2012/08/S01B-Main.png]
[www.eagleget.com/wp-json/oembed/1.0/embedf6dc.json]
[www.eagleget.com/wp-json/oembed/1.0/embed705d]
[www.eagleget.com/features/ads-sync.js]
[www.eagleget.com/wp-content/uploads/2012/08/Error-Task.png]
[www.eagleget.com/wp-content/uploads/2012/08/Browser-context-menu.png]
[www.eagleget.com/wp-content/uploads/2013/06/05.png]
[www.eagleget.com/wp-content/uploads/2012/08/Float-Window.png]
[www.eagleget.com/wp-content/uploads/2012/08/Pop-up-window.png]
[www.eagleget.com/wp-content/uploads/2012/08/Configurations.png]
[www.eagleget.com/features/index.html]
[www.eagleget.com/download-facebook-for-free/index.html]
[www.eagleget.com/index2639.html]
[www.eagleget.com/free-download-msn-videos-and-download-bing-videos/index.html]
[www.eagleget.com/free-chrome-dailymotion-downloader/index.html]
[www.eagleget.com/free-download-jeuxvideo-in-chrome-firefox-opera-and-ie/index.html]
[www.eagleget.com/index87bd.html]
[www.eagleget.com/free-chrome-downloader-eg-download-accelerator/index.html]
[www.eagleget.com/free-download-myvideo-de-videos-in-chrome-firefox-opera-and-ie/index.html]
[www.eagleget.com/index9ad9.html]
[www.eagleget.com/index2807.html]
[www.eagleget.com/index77ca.html]
[www.eagleget.com/indexfb54.html]
[www.eagleget.com/indexa4b1.html]
[www.eagleget.com/testimonials/ads-sync.html]
[www.eagleget.com/index5a6a.html]
[www.eagleget.com/contact-us/ads-sync.html]
[www.eagleget.com/indexe84a.html]
[www.eagleget.com/eagleget-user-terms/ads-sync.html]
[www.eagleget.com/indexbe6f.html]
[www.eagleget.com/privacy-policy/ads-sync.html]
[www.eagleget.com/free-chrome-video-downloader/index.html]
[www.eagleget.com/free-chrome-downloader-all-in-one-download-manager/index.html]
[www.eagleget.com/free-chrome-downloader-helps-you-accelerate-downloads/index.html]
[www.eagleget.com/wp-json/oembed/1.0/embedb011.json]
[www.eagleget.com/wp-json/oembed/1.0/embed2830]
[www.eagleget.com/eagleget-user-experience-program-euep/ads-sync.js]
[www.eagleget.com/eagleget-user-experience-program-euep/index.html]
[www.eagleget.com/index1587.html]
[www.eagleget.com/uninstall-eagleget/ads-sync.html]
[www.eagleget.com/indexca89.html]
[www.eagleget.com/translate-eagleget/ads-sync.html]
[www.eagleget.com/help/contact-us/index.html]
[www.eagleget.com/index87f2.html]
[www.eagleget.com/enable-eagleget-plug-in-and-extension-for-google-chrome/ads-sync.html]
[www.eagleget.com/index127c.html]
[www.eagleget.com/enable-eagleget-plug-in-and-extension-for-firefox/ads-sync.html]
[www.eagleget.com/index30df.html]
[www.eagleget.com/help/auto-categorize-downloads-with-eagleget/ads-sync.html]
[www.eagleget.com/index2349.html]
[www.eagleget.com/help/prevent-automatic-downloads-from-eagleget/ads-sync.html]
[www.eagleget.com/indexabd0.html]
[www.eagleget.com/eagleget-prompts-error-message-while-resuming-a-download/ads-sync.html]
[www.eagleget.com/index9849.html]
[www.eagleget.com/help/what-is-eagleget-silent-mode/ads-sync.html]
[www.eagleget.com/index9e83.html]
[www.eagleget.com/help/how-to-make-eagleget-cooperate-with-proxy-server/ads-sync.html]
[www.eagleget.com/indexff0e.html]
[www.eagleget.com/help/how-to-download-files-from-password-protected-servers/ads-sync.html]
[www.eagleget.com/indexb415.html]
[www.eagleget.com/help/how-to-schedule-downloads-in-eagleget/ads-sync.html]
[www.eagleget.com/index97f3.html]
[www.eagleget.com/help/how-to-verify-integrity-of-downloaded-files/ads-sync.html]
[www.eagleget.com/index9c7a.html]
[www.eagleget.com/help/scan-files-for-viruses-after-download-is-complete/ads-sync.html]
[www.eagleget.com/index3bad.html]
[www.eagleget.com/help/how-to-disable-eagleget-clipboard-monitoring/ads-sync.html]
[www.eagleget.com/index83ab.html]
[www.eagleget.com/how-to-export-and-import-download-tasks/ads-sync.html]
[www.eagleget.com/indexbc9e.html]
[www.eagleget.com/help/how-do-i-uninstall-eagleget/ads-sync.html]
[www.eagleget.com/index207c.html]
[www.eagleget.com/what-is-universal-capture-mode/ads-sync.html]
[www.eagleget.com/index18bf.html]
[www.eagleget.com/integrate-eagleget-into-opera-maxthon-and-more-browsers/ads-sync.html]
[www.eagleget.com/index44fe.html]
[www.eagleget.com/help/how-can-i-add-eagleget-to-browsers-based-on-chrome-or-firefox/ads-sync.html]
[www.eagleget.com/indexf167.html]
[www.eagleget.com/help/eagleget-integration-into-chrome-ie-or-firefox-does-not-work-or-behaviors-strangely/ads-sync.html]
[www.eagleget.com/indexeffc.html]
[www.eagleget.com/help/temporary-disable-eagleget-to-download-some-file/ads-sync.html]
[www.eagleget.com/indexf05d.html]
[www.eagleget.com/worldwide/download-lagu-mp3-gratis-dengan-eagleget/ads-sync.html]
[www.eagleget.com/indexf94f.html]
[www.eagleget.com/vn/cach-download-nhac-tu-mp3-zing-vn-khong-mat-phi/ads-sync.html]
[www.eagleget.com/index3fc1.html]
[www.eagleget.com/vn/download-nhac-hinh-mien-phi/ads-sync.html]
[www.eagleget.com/index001d.html]
[www.eagleget.com/vn/cach-tai-zingplay-ve-may-tinh-mien-phi/ads-sync.html]
[www.eagleget.com/index1f77.html]
[www.eagleget.com/vn/cach-tai-nhac-mp3-mp4-ve-may-tinh-mien-phi/ads-sync.html]
[www.eagleget.com/index2b67.html]
[www.eagleget.com/vn/download-nhanh-tren-4shared-cho-mien-phi/ads-sync.html]
[www.eagleget.com/index762b.html]
[www.eagleget.com/vn/download-nhac-hinh-mp3-cho-mien-phi/ads-sync.html]
[www.eagleget.com/index5831.html]
[www.eagleget.com/features/ads-sync.html]
[www.eagleget.com/wp-json/oembed/1.0/embed7a53.json]
[www.eagleget.com/wp-json/oembed/1.0/embede8ee]
[www.eagleget.com/download-facebook-for-free/ads-sync.js]
[www.eagleget.com/download-facebook-for-free/index.html]
[www.eagleget.com/wp-content/uploads/2013/06/01.png]
[www.eagleget.com/wp-json/oembed/1.0/embede7c5.json]
[www.eagleget.com/wp-json/oembed/1.0/embed861d]
[www.eagleget.com/free-chrome-dailymotion-downloader/ads-sync.js]
[www.eagleget.com/wp-content/uploads/2013/06/02.png]
[www.eagleget.com/wp-content/uploads/2013/06/03.png]
[www.eagleget.com/wp-content/uploads/2013/06/04.png]
[www.eagleget.com/free-chrome-dailymotion-downloader/index.html]
[www.eagleget.com/wp-json/oembed/1.0/embed3f83.json]
[www.eagleget.com/free-download-msn-videos-and-download-bing-videos/ads-sync.js]
[www.eagleget.com/free-download-msn-videos-and-download-bing-videos/index.html]
[www.eagleget.com/wp-content/uploads/2013/03/EagleGet-Video-Downloader.jpg]
[www.eagleget.com/wp-json/oembed/1.0/embed1148.json]
[www.eagleget.com/wp-json/oembed/1.0/embed57e0]
[www.eagleget.com/free-download-jeuxvideo-in-chrome-firefox-opera-and-ie/ads-sync.js]
[www.eagleget.com/wp-content/uploads/2013/03/EagleGet-Add-Download.png]
[www.eagleget.com/wp-content/uploads/2013/03/EagleGet-Downloading.png]
[www.eagleget.com/free-download-jeuxvideo-in-chrome-firefox-opera-and-ie/index.html]
[www.eagleget.com/wp-json/oembed/1.0/embed5069.json]
[www.eagleget.com/wp-json/oembed/1.0/embede491]
[www.eagleget.com/free-download-myvideo-de-videos-in-chrome-firefox-opera-and-ie/ads-sync.js]
[www.eagleget.com/free-download-myvideo-de-videos-in-chrome-firefox-opera-and-ie/index.html]
[www.eagleget.com/wp-json/oembed/1.0/embedcc47.json]
[www.eagleget.com/wp-json/oembed/1.0/embedaf37]
[www.eagleget.com/free-chrome-downloader-eg-download-accelerator/ads-sync.js]
[www.eagleget.com/free-chrome-downloader-eg-download-accelerator/index.html]
[www.eagleget.com/wp-json/oembed/1.0/embed7881.json]
[www.eagleget.com/wp-json/oembed/1.0/embed1c3e]
[www.eagleget.com/free-chrome-video-downloader/ads-sync.js]
[www.eagleget.com/free-chrome-video-downloader/index.html]
[www.eagleget.com/wp-json/oembed/1.0/embed9080.json]
[www.eagleget.com/wp-json/oembed/1.0/embed2b6d]
[www.eagleget.com/free-chrome-downloader-all-in-one-download-manager/ads-sync.js]
[www.eagleget.com/wp-content/uploads/2012/08/S01B-Properties.png]
[www.eagleget.com/free-chrome-downloader-all-in-one-download-manager/index.html]
[www.eagleget.com/wp-json/oembed/1.0/embed255f.json]
[www.eagleget.com/free-chrome-downloader-helps-you-accelerate-downloads/ads-sync.js]
[www.eagleget.com/wp-json/oembed/1.0/embed0dad]
[www.eagleget.com/wp-content/uploads/2013/07/Free-Chrome-Downloader-Helps-You-Accelerate-Downloads.png]
[www.eagleget.com/free-chrome-downloader-helps-you-accelerate-downloads/index.html]
[www.eagleget.com/index3592.html]
[www.eagleget.com/eagleget-user-experience-program-euep/ads-sync.html]
[www.eagleget.com/index99a0.html]
[www.eagleget.com/download-facebook-for-free/ads-sync.html]
[www.eagleget.com/index7f6d.html]
[www.eagleget.com/free-chrome-dailymotion-downloader/ads-sync.html]
[www.eagleget.com/index1beb.html]
[www.eagleget.com/free-download-msn-videos-and-download-bing-videos/ads-sync.html]
[www.eagleget.com/indexde83.html]
[www.eagleget.com/free-download-jeuxvideo-in-chrome-firefox-opera-and-ie/ads-sync.html]
[www.eagleget.com/indexa182.html]
[www.eagleget.com/free-download-myvideo-de-videos-in-chrome-firefox-opera-and-ie/ads-sync.html]
[www.eagleget.com/index00e0.html]
[www.eagleget.com/free-chrome-downloader-eg-download-accelerator/ads-sync.html]
[www.eagleget.com/index2cf7.html]
[www.eagleget.com/free-chrome-video-downloader/ads-sync.html]
[www.eagleget.com/index0b2b.html]
[www.eagleget.com/free-chrome-downloader-all-in-one-download-manager/ads-sync.html]
[www.eagleget.com/indexcde6.html]
[www.eagleget.com/free-chrome-downloader-helps-you-accelerate-downloads/ads-sync.html]
[www.eagleget.com/wp-json/oembed/1.0/embed9a85]
